2026-09-04 14:03:49 [main] INFO  com.example.demo.App userId= requestId= application= - Application started
2026-09-04 14:03:49 [main] DEBUG com.example.demo.App userId= requestId= application= - This is a debug message
2026-09-04 14:03:49 [main] WARN  com.example.demo.App userId= requestId= application= - This is a warning message
2026-09-04 14:03:49 [main] ERROR com.example.demo.App userId= requestId= application= - This is an error message
2026-09-04 14:03:49 [main] INFO  com.example.demo.App userId=USR101 requestId=REQ-5001 application=JavaLog4j2Demo - Logging with custom keys
2026-09-04 14:03:49 [main] INFO  com.example.demo.App userId= requestId= application= - Application finished
2026-09-04 14:19:12 [main] INFO  com.example.demo.HelloWorld userId= requestId= application= - Application started
2026-09-04 14:19:12 [main] DEBUG com.example.demo.HelloWorld userId= requestId= application= - This is a debug message
2026-09-04 14:19:12 [main] WARN  com.example.demo.HelloWorld userId= requestId= application= - This is a warning message
2026-09-04 14:19:12 [main] ERROR com.example.demo.HelloWorld userId= requestId= application= - This is an error message
2026-09-04 14:19:12 [main] INFO  com.example.demo.HelloWorld userId=USR101 requestId=REQ-5001 application=JavaLog4j2Demo - Logging with custom keys
2026-09-04 14:19:12 [main] INFO  com.example.demo.HelloWorld userId= requestId= application= - Application finished
2026-09-04 14:19:53 [main] INFO  com.example.demo.HelloWorld userId= requestId= application= - Application started
2026-09-04 14:19:53 [main] DEBUG com.example.demo.HelloWorld userId= requestId= application= - This is a debug message
2026-09-04 14:19:53 [main] WARN  com.example.demo.HelloWorld userId= requestId= application= - This is a warning message
2026-09-04 14:19:53 [main] ERROR com.example.demo.HelloWorld userId= requestId= application= - This is an error message
2026-09-04 14:19:53 [main] INFO  com.example.demo.HelloWorld userId=USR101 requestId=REQ-5001 application=JavaLog4j2Demo - Logging with custom keys
2026-09-04 14:19:53 [main] INFO  com.example.demo.HelloWorld userId= requestId= application= - Application finished
2026-09-04 14:21:24 [main] INFO  com.example.HelloWorld userId= requestId= application= - Application started
2026-09-04 14:21:24 [main] DEBUG com.example.HelloWorld userId= requestId= application= - This is a debug message
2026-09-04 14:21:24 [main] WARN  com.example.HelloWorld userId= requestId= application= - This is a warning message
2026-09-04 14:21:24 [main] ERROR com.example.HelloWorld userId= requestId= application= - This is an error message
2026-09-04 14:21:24 [main] INFO  com.example.HelloWorld userId=USR101 requestId=REQ-5001 application=JavaLog4j2Demo - Logging with custom keys
2026-09-04 14:21:24 [main] INFO  com.example.HelloWorld userId= requestId= application= - Application finished
